LPAREN(12)
LBRACKETS(14)
LBRACES(16)
LT(25)
GT(26)
RBRACES(17)
RBRACKETS(15)
RPAREN(13)
EOI(1)
