PUB(71)
SPC(8)
IDENTIFIER(5)
<put>
SPC(8)
IDENTIFIER(5)
<puub>
SPC(8)
IDENTIFIER(5)
<pu_b>
EOI(1)
