BOR(33)
SPC(8)
BOR_ASSIGN(40)
SPC(8)
LOR(35)
SPC(8)
LOR_ASSIGN(44)
EOI(1)
