ADD(21)
SPC(8)
ADD_ASSIGN(47)
SPC(8)
SUB(22)
SPC(8)
SUB_ASSIGN(48)
SPC(8)
MUL(18)
SPC(8)
MUL_ASSIGN(49)
SPC(8)
DIV(19)
SPC(8)
DIV_ASSIGN(50)
SPC(8)
MOD(20)
SPC(8)
MOD_ASSIGN(51)
SPC(8)
BNOT(36)
SPC(8)
BNOT_ASSIGN(42)
EOI(1)
