BAND(31)
SPC(8)
BAND_ASSIGN(39)
SPC(8)
LAND(34)
SPC(8)
LAND_ASSIGN(43)
EOI(1)
