FOR(54)
NEWLINE(6)
SPC(8)
IDENTIFIER(5)
<afor>
SPC(8)
IDENTIFIER(5)
<fora>
SEMICOLON(7)
EOI(1)
