IF(56)
SPC(8)
IDENTIFIER(5)
<ifo>
SPC(8)
IDENTIFIER(5)
<iif>
SPC(8)
IDENTIFIER(5)
<iff>
EOI(1)
