BOR(32)
SPC(7)
BOR_ASSIGN(39)
SPC(7)
LOR(34)
SPC(7)
LOR_ASSIGN(43)
EOI(1)
