BAND(28)
SPC(6)
BAND_ASSIGN(36)
SPC(6)
LAND(31)
SPC(6)
LAND_ASSIGN(40)
EOI(1)
