LT(23)
SPC(6)
LE(25)
SPC(6)
LSHIFT(21)
SPC(6)
LSHIFT_ASSIGN(43)
SPC(6)
GT(24)
SPC(6)
GE(26)
SPC(6)
RSHIFT(22)
SPC(6)
RSHIFT_ASSIGN(44)
EOI(1)
