IMPORT(60)
SPC(6)
IDENTIFIER(3)
NEWLINE(4)
NEWLINE(4)
IDENTIFIER(3)
SPC(6)
COLON(7)
COLON(7)
SPC(6)
LPAREN(10)
IDENTIFIER(3)
COLON(7)
SPC(6)
IDENTIFIER(3)
COMMA(8)
SPC(6)
IDENTIFIER(3)
COLON(7)
SPC(6)
LBRACKETS(12)
RBRACKETS(13)
IDENTIFIER(3)
RPAREN(11)
SPC(6)
IDENTIFIER(3)
SPC(6)
LBRACES(14)
NEWLINE(4)
SPC(6)
IF(53)
SPC(6)
IDENTIFIER(3)
SPC(6)
EQUAL(27)
SPC(6)
IMMEDIATE(2)
SPC(6)
LBRACES(14)
NEWLINE(4)
SPC(6)
IDENTIFIER(3)
LPAREN(10)
IDENTIFIER(3)
LBRACKETS(12)
IMMEDIATE(2)
RBRACKETS(13)
RPAREN(11)
NEWLINE(4)
SPC(6)
RBRACES(15)
NEWLINE(4)
NEWLINE(4)
SPC(6)
ELSE(54)
SPC(6)
IF(53)
SPC(6)
IDENTIFIER(3)
SPC(6)
EQUAL(27)
SPC(6)
IMMEDIATE(2)
SPC(6)
LBRACES(14)
NEWLINE(4)
SPC(6)
IDENTIFIER(3)
LPAREN(10)
IDENTIFIER(3)
LBRACKETS(12)
IMMEDIATE(2)
RBRACKETS(13)
RPAREN(11)
NEWLINE(4)
SPC(6)
IDENTIFIER(3)
LPAREN(10)
IDENTIFIER(3)
LBRACKETS(12)
IMMEDIATE(2)
RBRACKETS(13)
RPAREN(11)
NEWLINE(4)
SPC(6)
RBRACES(15)
NEWLINE(4)
NEWLINE(4)
SPC(6)
ELSE(54)
SPC(6)
LBRACES(14)
NEWLINE(4)
SPC(6)
IDENTIFIER(3)
LPAREN(10)
IDENTIFIER(3)
COMMA(8)
SPC(6)
IDENTIFIER(3)
IDENTIFIER(3)
RPAREN(11)
NEWLINE(4)
SPC(6)
RBRACES(15)
NEWLINE(4)
NEWLINE(4)
SPC(6)
RETURN(57)
SPC(6)
IMMEDIATE(2)
NEWLINE(4)
RBRACES(15)
EOI(1)
