FOR(52)
NEWLINE(4)
SPC(6)
IDENTIFIER(3)
SPC(6)
IDENTIFIER(3)
SEMICOLON(5)
EOI(1)
