IF(53)
SPC(6)
IDENTIFIER(3)
SPC(6)
IDENTIFIER(3)
SPC(6)
IDENTIFIER(3)
EOI(1)
