IMMEDIATE(2)
NEWLINE(4)
IMMEDIATE(2)
NEWLINE(4)
IMMEDIATE(2)
NEWLINE(4)
IMMEDIATE(2)
NEWLINE(4)
IMMEDIATE(2)
NEWLINE(4)
IMMEDIATE(2)
NEWLINE(4)
IMMEDIATE(2)
NEWLINE(4)
IMMEDIATE(2)
NEWLINE(4)
IMMEDIATE(2)
NEWLINE(4)
IMMEDIATE(2)
IDENTIFIER(3)
NEWLINE(4)
IMMEDIATE(2)
IDENTIFIER(3)
EOI(1)
