LPAREN(11)
SPC(7)
LBRACKETS(13)
SPC(7)
LBRACES(15)
SPC(7)
LT(24)
SPC(7)
GT(25)
SPC(7)
RBRACES(16)
SPC(7)
RBRACKETS(14)
SPC(7)
RPAREN(12)
EOI(1)
