ADD(20)
SPC(7)
ADD_ASSIGN(46)
SPC(7)
SUB(21)
SPC(7)
SUB_ASSIGN(47)
SPC(7)
MUL(17)
SPC(7)
MUL_ASSIGN(48)
SPC(7)
DIV(18)
SPC(7)
DIV_ASSIGN(49)
SPC(7)
MOD(19)
SPC(7)
MOD_ASSIGN(50)
SPC(7)
BNOT(35)
SPC(7)
BNOT_ASSIGN(41)
EOI(1)
