SFUN(main, argc : i32, argv : ^^u8, {SCALL(puts, ECSTS(Hello worlds!))}) : i32
