SMODSIGN(Signature, [], (), {SSTRUCT(Struct, x : i32), SSIGN(Function) : void})
