SMODSIGN(Stringer, [], (), {SSIGN(string) : ^u8})
SMODSKEL(SStringer, SFUN(string, {SRETURN(ECSTS(hello))}) : ^u8}) : Stringer
