SFUN(putsCategory, age : u8, {SIF(EBINOP(LT, EMEM(i), ECSTI(4)) : ?, SCALL(puts, ECSTS(Baby)), ELSE SIF(EBINOP(LT, EMEM(i), ECSTI(10)) : ?, SCALL(puts, ECSTS(Child)), ELSE SIF(EBINOP(LT, EMEM(i), ECSTI(20)) : ?, SCALL(puts, ECSTS(Teen)), ELSE SIF(EBINOP(LT, EMEM(i), ECSTI(65)) : ?, SCALL(puts, ECSTS(Adult)), ELSE SCALL(puts, ECSTS(Senior))))))}) : void
