SFUN(f, {SCALL(TODO)}) : void
SSTRUCT(Point, x : i32, y : i32)
