SFUN(compute, {SSEQ(const SDECL(a, EBINOP(ADD, ECSTI(1), EBINOP(MUL, ECSTI(2), ECSTI(3)) : ?) : ?) : ?, SSEQ(const SDECL(b, EBINOP(ADD, EBINOP(MUL, ECSTI(1), ECSTI(2)) : ?, ECSTI(3)) : ?) : ?, SSEQ(const SDECL(c, EBINOP(MUL, ECSTI(1), EBINOP(MUL, ECSTI(2), ECSTI(3)) : ?) : ?) : ?, SSEQ(const SDECL(a, EBINOP(MUL, EUNOP(SUB, EBINOP(ADD, ECSTI(1), ECSTI(2)) : ?) : ?, ECSTI(3)) : ?) : ?, SSEQ(const SDECL(a, EBINOP(ADD, EUNOP(SUB, ECSTI(1)) : ?, EBINOP(MUL, ECSTI(2), ECSTI(3)) : ?) : ?) : ?, const SDECL(a, EBINOP(ADD, ECSTI(1), EUNOP(SUB, EBINOP(MUL, ECSTI(2), ECSTI(3)) : ?) : ?) : ?) : ?)))))}) : void
