SMODDEF(A, [i32], (), | |) : X
SMODDEF(B, [i32, String], (), | |) : X
SMODDEF(B, [i32, String], (M: HashI32[]), | |) : X
