const SDECL(x, ECALL(EMEM(f)) : ?) : ?
const SDECL(y, ECALL(EMEM(f), EMEM(a)) : ?) : ?
const SDECL(z, ECALL(EMEM(f), EBINOP(ADD, EMEM(a), ECSTI(1)) : ?, EMEM(b)) : ?) : ?
